29869\a\b200 OK\a\b102 MOVE\a\b102 MOVE\a\b104 TURN RIGHT\a\b102 MOVE\a\b102 MOVE\a\b102 MOVE\a\b104 TURN RIGHT\a\b102 MOVE\a\b102 MOVE\a\b102 MOVE\a\b105 GET MESSAGE\a\b102 MOVE\a\b105 GET MESSAGE\a\b102 MOVE\a\b105 GET MESSAGE\a\b102 MOVE\a\b105 GET MESSAGE\a\b102 MOVE\a\b105 GET MESSAGE\a\b104 TURN RIGHT\a\b104 TURNRIGHT\a\b104 TURN RIGHT\a\b102 MOVE\a\b105 GET MESSAGE\a\b104 TURN RIGHT\a\b104 TURN RIGHT\a\b104 TURN RIGHT\a\b102 MOVE\a\b105 GET MESSAGE\a\b102 MOVE\a\b105 GET MESSAGE\a\b102 MOVE\a\b105 GET MESSAGE\a\b102 MOVE\a\b105 GET MESSAGE\a\b104 TURN RIGHT\a\b102 MOVE\a\b105 GET MESSAGE\a\b104 TURN RIGHT\a\b102 MOVE\a\b105 GET MESSAGE\a\b102 MOVE\a\b105 GET MESSAGE\a\b102 MOVE\a\b105 GET MESSAGE\a\b102 MOVE\a\b105 GET MESSAGE\a\b104 TURN RIGHT\a\b104 TURN RIGHT\a\b104 TURN RIGHT\a\b102 MOVE\a\b105 GET MESSAGE\a\b104 TURN RIGHT\a\b104 TURN RIGHT\a\b104 TURN RIGHT\a\b102 MOVE\a\b105 GET MESSAGE\a\b106 LOGOUT\a\b