29869\a\b200 OK\a\b102 MOVE\a\b102 MOVE\a\b104 TURN RIGHT\a\b102 MOVE\a\b102 MOVE\a\b102 MOVE\a\b104 TURN RIGHT\a\b102 MOVE\a\b102 MOVE\a\b102 MOVE\a\b
